// Jest Snapshot v1, https://goo.gl/fbAQLP

exports[`AboutUs Component Should render the AboutUs component to match the snapshot 1`] = `
<section
  className="about_us__container"
>
  <div
    className="about_us__titles"
  >
    <h1 />
    <h4 />
  </div>
  <div
    className="about_us__members"
  >
    <div
      className="about_us__members_alignment"
    >
      <div
        className="about_us__frame"
      >
        <img
          alt="Team Members"
          src="https://encrypted-tbn0.gstatic.com/images?q=tbn:ANd9GcTcg4Y51XjQ-zSf87X4nUPTQzsF83eFdZswTg&usqp=CAU"
        />
        <div
          className="about_us__in_out_alert"
        >
          <h3
            className="userTitle"
          >
            President
          </h3>
          <h3
            className="userName"
          >
            Jacob Smith
          </h3>
          <h3
            className="aboutMe"
          >
            Loved diving since the age of 5 and now I get to help run a scuba club.
          </h3>
        </div>
      </div>
      <div
        className="about_us__frame"
      >
        <img
          alt="Team Members"
          src="https://encrypted-tbn0.gstatic.com/images?q=tbn:ANd9GcQNXtFTglXjnFYetM_ceM1h8Uzx6-FS19WHObUPV2UUYZdOHGNgrDBppJ16sRAJQZ-DdoI&usqp=CAU"
        />
        <div
          className="about_us__in_out_alert"
        >
          <h3
            className="userTitle"
          >
            Vice President
          </h3>
          <h3
            className="userName"
          >
            Susan Williams
          </h3>
          <h3
            className="aboutMe"
          >
            Look how long I can hold my breath!
          </h3>
        </div>
      </div>
      <div
        className="about_us__frame"
      >
        <img
          alt="Team Members"
          src="https://www.gravatar.com/avatar/205e460b479e2e5b48aec07710c08d50?s=200"
        />
        <div
          className="about_us__in_out_alert"
        >
          <h3
            className="userTitle"
          >
            Secretary
          </h3>
          <h3
            className="userName"
          >
            John Doe
          </h3>
          <h3
            className="aboutMe"
          >
            I love to help people with their diving needs.
          </h3>
        </div>
      </div>
      <div
        className="about_us__frame"
      >
        <img
          alt="Team Members"
          src="https://images.unsplash.com/photo-1494790108377-be9c29b29330?ixlib=rb-1.2.1&ixid=MnwxMjA3fDB8MHxzZWFyY2h8Mnx8dXNlciUyMHByb2ZpbGV8ZW58MHx8MHx8&w=1000&q=80"
        />
        <div
          className="about_us__in_out_alert"
        >
          <h3
            className="userTitle"
          >
            Treasurer
          </h3>
          <h3
            className="userName"
          >
            Jane Doe
          </h3>
          <h3
            className="aboutMe"
          >
            Keeping the club afloat is my passion.
          </h3>
        </div>
      </div>
      <div
        className="about_us__frame"
      >
        <img
          alt="Team Members"
          src="https://images.squarespace-cdn.com/content/v1/53ed0e3ce4b0c296acaeae80/1584577511464-8FDZYWQVXUI1OBS4VTZP/Bonneville14082-Edit-DHWEB%2BNick%2BFerguson%2BDenver%2BBroncos%2BHeadshot%2BPhotography%2Bby%2BAaron%2BLucy%2BDenver%2BColorado%2BHeadshots%2BPhotographer.jpg?format=2500w"
        />
        <div
          className="about_us__in_out_alert"
        >
          <h3
            className="userTitle"
          >
            Trustee
          </h3>
          <h3
            className="userName"
          >
            Greg Williams
          </h3>
          <h3
            className="aboutMe"
          >
            Making sure the club is running smoothly is my passion. When I am not diving I like to cook and bake.
          </h3>
        </div>
      </div>
      <div
        className="about_us__frame"
      >
        <img
          alt="Team Members"
          src="https://ephotovn.com/wp-content/uploads/2019/10/basic-headshot-retouching-af.jpg"
        />
        <div
          className="about_us__in_out_alert"
        >
          <h3
            className="userTitle"
          >
            Trustee
          </h3>
          <h3
            className="userName"
          >
            Brian DeSimone
          </h3>
          <h3
            className="aboutMe"
          >
            My love for the ocean is what makes me a great swimmer.
          </h3>
        </div>
      </div>
      <div
        className="about_us__frame"
      >
        <img
          alt="Team Members"
          src="https://images.unsplash.com/photo-1518791841217-8f162f1e1131?ixlib=rb-1.2.1&ixid=eyJhcHBfaWQiOjEyMDd9&auto=format&fit=crop&w=500&q=60"
        />
        <div
          className="about_us__in_out_alert"
        >
          <h3
            className="userTitle"
          >
            Web Committee
          </h3>
          <h3
            className="userName"
          >
            Logan Vai
          </h3>
          <h3
            className="aboutMe"
          >
            I love to help the club grow and make sure it is a great place to dive.
          </h3>
        </div>
      </div>
    </div>
  </div>
</section>
`;
