// Jest Snapshot v1, https://goo.gl/fbAQLP

exports[` Layout via Enzyme  Should render layout 1`] = `
<div
  className="layout__container"
>
  <div
    className="layout__container__nav"
  >
    <h1>
      nav will be here
    </h1>
  </div>
  <div
    className="layout__container__content"
  />
  <div
    className="layout__container__sidebar"
  >
    <h1>
      sidebar here 
    </h1>
  </div>
</div>
`;
