// Jest Snapshot v1, https://goo.gl/fbAQLP

exports[` Page Header Snapshot  Should render the page header and should match snapshot 1`] = `
<div
  className="toast-top-center"
>
  <div
    className="pageHeader_mobile"
  >
    <div>
      <img
        alt="logo"
        className="pageHeader_mobile__logo"
        src="logo.jpg"
      />
    </div>
    <div>
      <button
        className="btn_mobile"
        onClick={[Function]}
        type="button"
      >
        <i
          className="fas fa-bars"
        />
      </button>
    </div>
  </div>
  <div
    className="pageHeader_container"
    id="pageHeader_container"
  >
    <div
      className="pageHeader_middle_logo"
    >
      <img
        alt="logo"
        src="logo.jpg"
      />
    </div>
    <div
      className="pageHeader_mobile__button"
    >
      <button
        className="btn_mobile"
        onClick={[Function]}
        type="button"
      >
        <i
          className="fas fa-bars"
        />
      </button>
    </div>
    <div
      className="pageHeader_nav"
    >
      <NavBar
        showMenu={[Function]}
      />
    </div>
    <div
      className="pageHeader_middle_user_icon"
    >
      <UserIconBlock
        sessionUser={
          Object {
            "id": null,
            "username": "",
          }
        }
      />
    </div>
  </div>
</div>
`;
