// Jest Snapshot v1, https://goo.gl/fbAQLP

exports[`Navbar Snapshot Should render the navbar to match the snapshot 1`] = `
<nav
  className="NavBar_container"
>
  <ul>
    <li>
      <NavLink
        activeClassName="active"
        exact={true}
        to="/"
      >
        <button
          className="btn"
          type="button"
        />
      </NavLink>
    </li>
    <MembersOnly>
      <li>
        <NavLink
          activeClassName="active"
          exact={true}
          to="/topics"
        >
          <button
            className="btn"
            type="button"
          />
        </NavLink>
      </li>
    </MembersOnly>
    <li>
      <NavLink
        activeClassName="active"
        exact={true}
        to="/media"
      >
        <button
          className="btn"
          type="button"
        />
      </NavLink>
    </li>
    <li>
      <NavLink
        activeClassName="active"
        exact={true}
        to="/events"
      >
        <button
          className="btn"
          type="button"
        />
      </NavLink>
    </li>
    <li>
      <NavLink
        activeClassName="active"
        exact={true}
        to="/about-us"
      >
        <button
          className="btn"
          type="button"
        />
      </NavLink>
    </li>
    <MembersOnly>
      <li>
        <NavLink
          activeClassName="active"
          exact={true}
          to="/users"
        >
          <button
            className="btn"
            type="button"
          />
        </NavLink>
      </li>
    </MembersOnly>
    <MembersOnly>
      <li>
        <NavLink
          activeClassName="active"
          exact={true}
          to="/email"
        >
          <button
            className="btn"
            type="button"
          />
        </NavLink>
      </li>
    </MembersOnly>
  </ul>
</nav>
`;
